// Jest Snapshot v1, https://goo.gl/fbAQLP

exports[`renders MainPage wiyhout crashing 1`] = `ShallowWrapper {}`;
